// Jest Snapshot v1, https://goo.gl/fbAQLP

exports[`@App 1`] = `
<div>
  <div
    class="container"
  >
    <div
      class="top"
    >
      <h2>
        Phoneword
      </h2>
      <input
        class="text-input"
        name="phonenumber"
        readonly=""
        type="text"
        value=""
      />
      <div
        class="inner-container"
      >
        <div
          class="input"
        >
          <span>
            1
          </span>
          <p
            class="small-input"
            id="sub-char"
          />
        </div>
        <div
          class="input"
        >
          <span>
            2
          </span>
          <p
            class="small-input"
            id="sub-char"
          >
            abc
          </p>
        </div>
        <div
          class="input"
        >
          <span>
            3
          </span>
          <p
            class="small-input"
            id="sub-char"
          >
            def
          </p>
        </div>
      </div>
      <div
        class="inner-container"
      >
        <div
          class="input"
        >
          <span>
            4
          </span>
          <p
            class="small-input"
            id="sub-char"
          >
            ghi
          </p>
        </div>
        <div
          class="input"
        >
          <span>
            5
          </span>
          <p
            class="small-input"
            id="sub-char"
          >
            jkl
          </p>
        </div>
        <div
          class="input"
        >
          <span>
            6
          </span>
          <p
            class="small-input"
            id="sub-char"
          >
            mno
          </p>
        </div>
      </div>
      <div
        class="inner-container"
      >
        <div
          class="input"
        >
          <span>
            7
          </span>
          <p
            class="small-input"
            id="sub-char"
          >
            pqrs
          </p>
        </div>
        <div
          class="input"
        >
          <span>
            8
          </span>
          <p
            class="small-input"
            id="sub-char"
          >
            tuv
          </p>
        </div>
        <div
          class="input"
        >
          <span>
            9
          </span>
          <p
            class="small-input"
            id="sub-char"
          >
            wxyz
          </p>
        </div>
      </div>
      <div
        class="inner-container"
      >
        <div
          class="input"
        >
          <span>
            *
          </span>
          <p
            class="small-input"
            id="sub-char"
          />
        </div>
        <div
          class="input"
        >
          <span>
            0
          </span>
          <p
            class="small-input"
            id="sub-char"
          />
        </div>
        <div
          class="input"
        >
          <span>
            #
          </span>
          <p
            class="small-input"
            id="sub-char"
          >
            Clear
          </p>
        </div>
      </div>
      <div
        class="inner-container"
      >
        <button
          class="btn"
          disabled=""
        >
          Click & Get Word List
        </button>
      </div>
    </div>
  </div>
</div>
`;
